<?xml version="1.0" encoding="UTF-8"?>
<TestRun id="c9415b8d-2b5f-4e2e-9a1f-964d46131c1d" name="User@HOMES 2014-06-13 16:02:22" runUser="HOMES\User" xmlns="http://microsoft.com/schemas/VisualStudio/TeamTest/2010">
  <TestSettings name="Local" id="bc564bda-2a21-4db9-b62c-2de7eaeb2f4a">
    <Description>These are default test settings for a local test run.</Description>
    <Deployment enabled="false" runDeploymentRoot="User_HOMES 2014-06-13 16_02_22">
      <DeploymentItem filename="D:\GitProjects\TelerikAcademy\Quality\Test-Driven-Development\Poker\bin\Debug\Poker.exe" />
    </Deployment>
    <Execution>
      <TestTypeSpecific />
      <AgentRule name="Execution Agents">
      </AgentRule>
    </Execution>
  </TestSettings>
  <Times creation="2014-06-13T16:02:22.2031250+03:00" queuing="2014-06-13T16:02:22.2500000+03:00" start="2014-06-13T16:02:22.2656250+03:00" finish="2014-06-13T16:02:23.0156250+03:00" />
  <ResultSummary outcome="Failed">
    <Counters total="16" executed="16" passed="13" error="0" failed="3" timeout="0" aborted="0" inconclusive="0" passedButRunAborted="0" notRunnable="0" notExecuted="0" disconnected="0" warning="0" completed="0" inProgress="0" pending="0" />
  </ResultSummary>
  <TestDefinitions>
    <UnitTest name="CheckerShouldRecognizeFullHouseCombination" storage="d:\gitprojects\telerikacademy\quality\test-driven-development\poker.tests\bin\debug\poker.tests.dll" id="b60e1417-e09d-f531-99fc-67166c972c0d">
      <Execution id="1a7af640-561d-4693-b911-8ea854e794c9" />
      <TestMethod codeBase="D:/GitProjects/TelerikAcademy/Quality/Test-Driven-Development/Poker.Tests/bin/Debug/Poker.Tests.DLL" adapterTypeName="Microsoft.VisualStudio.TestTools.TestTypes.Unit.UnitTestAdapter, Microsoft.VisualStudio.QualityTools.Tips.UnitTest.Adapter, Version=10.0.0.0, Culture=neutral, PublicKeyToken=b03f5f7f11d50a3a" className="Poker.Tests.CombinationsTests, Poker.Tests, Version=1.0.0.0, Culture=neutral, PublicKeyToken=null" name="CheckerShouldRecognizeFullHouseCombination" />
    </UnitTest>
    <UnitTest name="CheckerShouldRecognizeFourOfAKindCombination" storage="d:\gitprojects\telerikacademy\quality\test-driven-development\poker.tests\bin\debug\poker.tests.dll" id="e1d93606-d25f-b828-2773-66d137665ad3">
      <Execution id="61fd2288-e066-4dd7-a4f2-5c0e8934b83a" />
      <TestMethod codeBase="D:/GitProjects/TelerikAcademy/Quality/Test-Driven-Development/Poker.Tests/bin/Debug/Poker.Tests.DLL" adapterTypeName="Microsoft.VisualStudio.TestTools.TestTypes.Unit.UnitTestAdapter, Microsoft.VisualStudio.QualityTools.Tips.UnitTest.Adapter, Version=10.0.0.0, Culture=neutral, PublicKeyToken=b03f5f7f11d50a3a" className="Poker.Tests.CombinationsTests, Poker.Tests, Version=1.0.0.0, Culture=neutral, PublicKeyToken=null" name="CheckerShouldRecognizeFourOfAKindCombination" />
    </UnitTest>
    <UnitTest name="CheckerShouldRecognizeFlushCombination" storage="d:\gitprojects\telerikacademy\quality\test-driven-development\poker.tests\bin\debug\poker.tests.dll" id="3e912461-f5ec-bef4-5b86-99ea01e7a0d5">
      <Execution id="403ca197-b51e-4881-b7c9-70f4fa331a8d" />
      <TestMethod codeBase="D:/GitProjects/TelerikAcademy/Quality/Test-Driven-Development/Poker.Tests/bin/Debug/Poker.Tests.DLL" adapterTypeName="Microsoft.VisualStudio.TestTools.TestTypes.Unit.UnitTestAdapter, Microsoft.VisualStudio.QualityTools.Tips.UnitTest.Adapter, Version=10.0.0.0, Culture=neutral, PublicKeyToken=b03f5f7f11d50a3a" className="Poker.Tests.CombinationsTests, Poker.Tests, Version=1.0.0.0, Culture=neutral, PublicKeyToken=null" name="CheckerShouldRecognizeFlushCombination" />
    </UnitTest>
    <UnitTest name="HandToStringShouldFollowTheGivenFormat" storage="d:\gitprojects\telerikacademy\quality\test-driven-development\poker.tests\bin\debug\poker.tests.dll" id="c0f58013-8c25-16a0-2f3d-a1ac38180f23">
      <Execution id="ae472fa0-b3dd-4a64-ad3d-44cc3b0ed18c" />
      <TestMethod codeBase="D:/GitProjects/TelerikAcademy/Quality/Test-Driven-Development/Poker.Tests/bin/Debug/Poker.Tests.DLL" adapterTypeName="Microsoft.VisualStudio.TestTools.TestTypes.Unit.UnitTestAdapter, Microsoft.VisualStudio.QualityTools.Tips.UnitTest.Adapter, Version=10.0.0.0, Culture=neutral, PublicKeyToken=b03f5f7f11d50a3a" className="Poker.Tests.HandTests, Poker.Tests, Version=1.0.0.0, Culture=neutral, PublicKeyToken=null" name="HandToStringShouldFollowTheGivenFormat" />
    </UnitTest>
    <UnitTest name="CheckerShouldRecognizeThreeOfAKindCombination" storage="d:\gitprojects\telerikacademy\quality\test-driven-development\poker.tests\bin\debug\poker.tests.dll" id="a064e2cd-62cd-9c75-5377-757ceb888ef0">
      <Execution id="965b850b-628a-4786-ac63-79fca2d87921" />
      <TestMethod codeBase="D:/GitProjects/TelerikAcademy/Quality/Test-Driven-Development/Poker.Tests/bin/Debug/Poker.Tests.DLL" adapterTypeName="Microsoft.VisualStudio.TestTools.TestTypes.Unit.UnitTestAdapter, Microsoft.VisualStudio.QualityTools.Tips.UnitTest.Adapter, Version=10.0.0.0, Culture=neutral, PublicKeyToken=b03f5f7f11d50a3a" className="Poker.Tests.CombinationsTests, Poker.Tests, Version=1.0.0.0, Culture=neutral, PublicKeyToken=null" name="CheckerShouldRecognizeThreeOfAKindCombination" />
    </UnitTest>
    <UnitTest name="CheckerShouldRecognizeStraightFlushCombination" storage="d:\gitprojects\telerikacademy\quality\test-driven-development\poker.tests\bin\debug\poker.tests.dll" id="617d82f4-8c08-7f85-04fa-3dea7d6d3d59">
      <Execution id="c1d0523b-8bce-4425-89c1-3ead707962e8" />
      <TestMethod codeBase="D:/GitProjects/TelerikAcademy/Quality/Test-Driven-Development/Poker.Tests/bin/Debug/Poker.Tests.DLL" adapterTypeName="Microsoft.VisualStudio.TestTools.TestTypes.Unit.UnitTestAdapter, Microsoft.VisualStudio.QualityTools.Tips.UnitTest.Adapter, Version=10.0.0.0, Culture=neutral, PublicKeyToken=b03f5f7f11d50a3a" className="Poker.Tests.CombinationsTests, Poker.Tests, Version=1.0.0.0, Culture=neutral, PublicKeyToken=null" name="CheckerShouldRecognizeStraightFlushCombination" />
    </UnitTest>
    <UnitTest name="HandShouldNotHaveMoreThanFiveCards" storage="d:\gitprojects\telerikacademy\quality\test-driven-development\poker.tests\bin\debug\poker.tests.dll" id="4a5b6ae3-bb10-501e-24b2-f970155da52b">
      <Execution id="0e0ad7e8-e78f-4474-ba5a-5f87be406b14" />
      <TestMethod codeBase="D:/GitProjects/TelerikAcademy/Quality/Test-Driven-Development/Poker.Tests/bin/Debug/Poker.Tests.DLL" adapterTypeName="Microsoft.VisualStudio.TestTools.TestTypes.Unit.UnitTestAdapter, Microsoft.VisualStudio.QualityTools.Tips.UnitTest.Adapter, Version=10.0.0.0, Culture=neutral, PublicKeyToken=b03f5f7f11d50a3a" className="Poker.Tests.HandValidationTests, Poker.Tests, Version=1.0.0.0, Culture=neutral, PublicKeyToken=null" name="HandShouldNotHaveMoreThanFiveCards" />
    </UnitTest>
    <UnitTest name="HandWithZeroCardsShouldNotBeValid" storage="d:\gitprojects\telerikacademy\quality\test-driven-development\poker.tests\bin\debug\poker.tests.dll" id="a7ad43fc-7e41-bd1f-74ee-3e8b2b89c436">
      <Execution id="a67f40e9-1b45-4dd0-9cc1-f565fd909072" />
      <TestMethod codeBase="D:/GitProjects/TelerikAcademy/Quality/Test-Driven-Development/Poker.Tests/bin/Debug/Poker.Tests.DLL" adapterTypeName="Microsoft.VisualStudio.TestTools.TestTypes.Unit.UnitTestAdapter, Microsoft.VisualStudio.QualityTools.Tips.UnitTest.Adapter, Version=10.0.0.0, Culture=neutral, PublicKeyToken=b03f5f7f11d50a3a" className="Poker.Tests.HandValidationTests, Poker.Tests, Version=1.0.0.0, Culture=neutral, PublicKeyToken=null" name="HandWithZeroCardsShouldNotBeValid" />
    </UnitTest>
    <UnitTest name="CheckerShouldRecognizeOnePairCombination" storage="d:\gitprojects\telerikacademy\quality\test-driven-development\poker.tests\bin\debug\poker.tests.dll" id="d0191123-0ee8-75a6-bf14-a847dc71a3c0">
      <Execution id="04ce01a0-0723-41d3-b377-cfd04c86090c" />
      <TestMethod codeBase="D:/GitProjects/TelerikAcademy/Quality/Test-Driven-Development/Poker.Tests/bin/Debug/Poker.Tests.DLL" adapterTypeName="Microsoft.VisualStudio.TestTools.TestTypes.Unit.UnitTestAdapter, Microsoft.VisualStudio.QualityTools.Tips.UnitTest.Adapter, Version=10.0.0.0, Culture=neutral, PublicKeyToken=b03f5f7f11d50a3a" className="Poker.Tests.CombinationsTests, Poker.Tests, Version=1.0.0.0, Culture=neutral, PublicKeyToken=null" name="CheckerShouldRecognizeOnePairCombination" />
    </UnitTest>
    <UnitTest name="CheckerShouldRecognizeHighCardCombination" storage="d:\gitprojects\telerikacademy\quality\test-driven-development\poker.tests\bin\debug\poker.tests.dll" id="caef306e-aa60-78e9-11ed-889a0ac8c73c">
      <Execution id="83b38de4-84ab-4264-b56b-f8a2935dfb2b" />
      <TestMethod codeBase="D:/GitProjects/TelerikAcademy/Quality/Test-Driven-Development/Poker.Tests/bin/Debug/Poker.Tests.DLL" adapterTypeName="Microsoft.VisualStudio.TestTools.TestTypes.Unit.UnitTestAdapter, Microsoft.VisualStudio.QualityTools.Tips.UnitTest.Adapter, Version=10.0.0.0, Culture=neutral, PublicKeyToken=b03f5f7f11d50a3a" className="Poker.Tests.CombinationsTests, Poker.Tests, Version=1.0.0.0, Culture=neutral, PublicKeyToken=null" name="CheckerShouldRecognizeHighCardCombination" />
    </UnitTest>
    <UnitTest name="HandToStringShouldFollowTheGivenFormatWhenEnumIsAritmeticallyChanged" storage="d:\gitprojects\telerikacademy\quality\test-driven-development\poker.tests\bin\debug\poker.tests.dll" id="befe51af-2857-c06a-6449-1b0d2cdf2061">
      <Execution id="f61e3c15-525a-4acb-92df-b37c09784428" />
      <TestMethod codeBase="D:/GitProjects/TelerikAcademy/Quality/Test-Driven-Development/Poker.Tests/bin/Debug/Poker.Tests.DLL" adapterTypeName="Microsoft.VisualStudio.TestTools.TestTypes.Unit.UnitTestAdapter, Microsoft.VisualStudio.QualityTools.Tips.UnitTest.Adapter, Version=10.0.0.0, Culture=neutral, PublicKeyToken=b03f5f7f11d50a3a" className="Poker.Tests.HandTests, Poker.Tests, Version=1.0.0.0, Culture=neutral, PublicKeyToken=null" name="HandToStringShouldFollowTheGivenFormatWhenEnumIsAritmeticallyChanged" />
    </UnitTest>
    <UnitTest name="HandWithRepeatingCardsShouldNotBeValid" storage="d:\gitprojects\telerikacademy\quality\test-driven-development\poker.tests\bin\debug\poker.tests.dll" id="83b8f170-80e4-0b29-09e5-64b876ffbc9c">
      <Execution id="0256ecfb-5726-4d46-8c1c-b7ee795e7acf" />
      <TestMethod codeBase="D:/GitProjects/TelerikAcademy/Quality/Test-Driven-Development/Poker.Tests/bin/Debug/Poker.Tests.DLL" adapterTypeName="Microsoft.VisualStudio.TestTools.TestTypes.Unit.UnitTestAdapter, Microsoft.VisualStudio.QualityTools.Tips.UnitTest.Adapter, Version=10.0.0.0, Culture=neutral, PublicKeyToken=b03f5f7f11d50a3a" className="Poker.Tests.HandValidationTests, Poker.Tests, Version=1.0.0.0, Culture=neutral, PublicKeyToken=null" name="HandWithRepeatingCardsShouldNotBeValid" />
    </UnitTest>
    <UnitTest name="CardToStringShouldFollowTheGivenFormat" storage="d:\gitprojects\telerikacademy\quality\test-driven-development\poker.tests\bin\debug\poker.tests.dll" id="5bf2ae0c-21eb-a8ce-8af8-db2e3c1c7082">
      <Execution id="cb26ac67-2c51-41c1-adee-dc861f7a3ff2" />
      <TestMethod codeBase="D:/GitProjects/TelerikAcademy/Quality/Test-Driven-Development/Poker.Tests/bin/Debug/Poker.Tests.DLL" adapterTypeName="Microsoft.VisualStudio.TestTools.TestTypes.Unit.UnitTestAdapter, Microsoft.VisualStudio.QualityTools.Tips.UnitTest.Adapter, Version=10.0.0.0, Culture=neutral, PublicKeyToken=b03f5f7f11d50a3a" className="Poker.Tests.CardTests, Poker.Tests, Version=1.0.0.0, Culture=neutral, PublicKeyToken=null" name="CardToStringShouldFollowTheGivenFormat" />
    </UnitTest>
    <UnitTest name="CardToStringShouldFollowTheGivenFormatWhenEnumIsAritmeticallyChanged" storage="d:\gitprojects\telerikacademy\quality\test-driven-development\poker.tests\bin\debug\poker.tests.dll" id="8fda5f33-a9b9-5a41-07dc-a2f25844e49c">
      <Execution id="2c60ed0d-9250-44d2-a8b5-a78e1aa6ea38" />
      <TestMethod codeBase="D:/GitProjects/TelerikAcademy/Quality/Test-Driven-Development/Poker.Tests/bin/Debug/Poker.Tests.DLL" adapterTypeName="Microsoft.VisualStudio.TestTools.TestTypes.Unit.UnitTestAdapter, Microsoft.VisualStudio.QualityTools.Tips.UnitTest.Adapter, Version=10.0.0.0, Culture=neutral, PublicKeyToken=b03f5f7f11d50a3a" className="Poker.Tests.CardTests, Poker.Tests, Version=1.0.0.0, Culture=neutral, PublicKeyToken=null" name="CardToStringShouldFollowTheGivenFormatWhenEnumIsAritmeticallyChanged" />
    </UnitTest>
    <UnitTest name="CheckerShouldRecognizeTwoPairCombination" storage="d:\gitprojects\telerikacademy\quality\test-driven-development\poker.tests\bin\debug\poker.tests.dll" id="96852268-b311-2b16-1fdd-8f23fa73e18e">
      <Execution id="b12c0a29-c88f-4ffa-9530-14dd746eaf71" />
      <TestMethod codeBase="D:/GitProjects/TelerikAcademy/Quality/Test-Driven-Development/Poker.Tests/bin/Debug/Poker.Tests.DLL" adapterTypeName="Microsoft.VisualStudio.TestTools.TestTypes.Unit.UnitTestAdapter, Microsoft.VisualStudio.QualityTools.Tips.UnitTest.Adapter, Version=10.0.0.0, Culture=neutral, PublicKeyToken=b03f5f7f11d50a3a" className="Poker.Tests.CombinationsTests, Poker.Tests, Version=1.0.0.0, Culture=neutral, PublicKeyToken=null" name="CheckerShouldRecognizeTwoPairCombination" />
    </UnitTest>
    <UnitTest name="CheckerShouldRecognizeStraightCombination" storage="d:\gitprojects\telerikacademy\quality\test-driven-development\poker.tests\bin\debug\poker.tests.dll" id="a5ae1f90-0dad-63ce-1c82-89adf313a505">
      <Execution id="d39cb6ca-b68c-4502-a701-bd8430b48ba8" />
      <TestMethod codeBase="D:/GitProjects/TelerikAcademy/Quality/Test-Driven-Development/Poker.Tests/bin/Debug/Poker.Tests.DLL" adapterTypeName="Microsoft.VisualStudio.TestTools.TestTypes.Unit.UnitTestAdapter, Microsoft.VisualStudio.QualityTools.Tips.UnitTest.Adapter, Version=10.0.0.0, Culture=neutral, PublicKeyToken=b03f5f7f11d50a3a" className="Poker.Tests.CombinationsTests, Poker.Tests, Version=1.0.0.0, Culture=neutral, PublicKeyToken=null" name="CheckerShouldRecognizeStraightCombination" />
    </UnitTest>
  </TestDefinitions>
  <TestLists>
    <TestList name="Results Not in a List" id="8c84fa94-04c1-424b-9868-57a2d4851a1d" />
    <TestList name="All Loaded Results" id="19431567-8539-422a-85d7-44ee4e166bda" />
  </TestLists>
  <TestEntries>
    <TestEntry testId="3e912461-f5ec-bef4-5b86-99ea01e7a0d5" executionId="403ca197-b51e-4881-b7c9-70f4fa331a8d" testListId="8c84fa94-04c1-424b-9868-57a2d4851a1d" />
    <TestEntry testId="4a5b6ae3-bb10-501e-24b2-f970155da52b" executionId="0e0ad7e8-e78f-4474-ba5a-5f87be406b14" testListId="8c84fa94-04c1-424b-9868-57a2d4851a1d" />
    <TestEntry testId="5bf2ae0c-21eb-a8ce-8af8-db2e3c1c7082" executionId="cb26ac67-2c51-41c1-adee-dc861f7a3ff2" testListId="8c84fa94-04c1-424b-9868-57a2d4851a1d" />
    <TestEntry testId="617d82f4-8c08-7f85-04fa-3dea7d6d3d59" executionId="c1d0523b-8bce-4425-89c1-3ead707962e8" testListId="8c84fa94-04c1-424b-9868-57a2d4851a1d" />
    <TestEntry testId="83b8f170-80e4-0b29-09e5-64b876ffbc9c" executionId="0256ecfb-5726-4d46-8c1c-b7ee795e7acf" testListId="8c84fa94-04c1-424b-9868-57a2d4851a1d" />
    <TestEntry testId="8fda5f33-a9b9-5a41-07dc-a2f25844e49c" executionId="2c60ed0d-9250-44d2-a8b5-a78e1aa6ea38" testListId="8c84fa94-04c1-424b-9868-57a2d4851a1d" />
    <TestEntry testId="96852268-b311-2b16-1fdd-8f23fa73e18e" executionId="b12c0a29-c88f-4ffa-9530-14dd746eaf71" testListId="8c84fa94-04c1-424b-9868-57a2d4851a1d" />
    <TestEntry testId="a064e2cd-62cd-9c75-5377-757ceb888ef0" executionId="965b850b-628a-4786-ac63-79fca2d87921" testListId="8c84fa94-04c1-424b-9868-57a2d4851a1d" />
    <TestEntry testId="a5ae1f90-0dad-63ce-1c82-89adf313a505" executionId="d39cb6ca-b68c-4502-a701-bd8430b48ba8" testListId="8c84fa94-04c1-424b-9868-57a2d4851a1d" />
    <TestEntry testId="a7ad43fc-7e41-bd1f-74ee-3e8b2b89c436" executionId="a67f40e9-1b45-4dd0-9cc1-f565fd909072" testListId="8c84fa94-04c1-424b-9868-57a2d4851a1d" />
    <TestEntry testId="b60e1417-e09d-f531-99fc-67166c972c0d" executionId="1a7af640-561d-4693-b911-8ea854e794c9" testListId="8c84fa94-04c1-424b-9868-57a2d4851a1d" />
    <TestEntry testId="befe51af-2857-c06a-6449-1b0d2cdf2061" executionId="f61e3c15-525a-4acb-92df-b37c09784428" testListId="8c84fa94-04c1-424b-9868-57a2d4851a1d" />
    <TestEntry testId="c0f58013-8c25-16a0-2f3d-a1ac38180f23" executionId="ae472fa0-b3dd-4a64-ad3d-44cc3b0ed18c" testListId="8c84fa94-04c1-424b-9868-57a2d4851a1d" />
    <TestEntry testId="caef306e-aa60-78e9-11ed-889a0ac8c73c" executionId="83b38de4-84ab-4264-b56b-f8a2935dfb2b" testListId="8c84fa94-04c1-424b-9868-57a2d4851a1d" />
    <TestEntry testId="d0191123-0ee8-75a6-bf14-a847dc71a3c0" executionId="04ce01a0-0723-41d3-b377-cfd04c86090c" testListId="8c84fa94-04c1-424b-9868-57a2d4851a1d" />
    <TestEntry testId="e1d93606-d25f-b828-2773-66d137665ad3" executionId="61fd2288-e066-4dd7-a4f2-5c0e8934b83a" testListId="8c84fa94-04c1-424b-9868-57a2d4851a1d" />
  </TestEntries>
  <Results>
    <UnitTestResult executionId="403ca197-b51e-4881-b7c9-70f4fa331a8d" testId="3e912461-f5ec-bef4-5b86-99ea01e7a0d5" testName="CheckerShouldRecognizeFlushCombination" computerName="HOMES" duration="00:00:00.0495593" startTime="2014-06-13T16:02:22.2812500+03:00" endTime="2014-06-13T16:02:22.6406250+03:00" testType="13cdc9d9-ddb5-4fa4-a97d-d965ccfc6d4b" outcome="Passed" testListId="8c84fa94-04c1-424b-9868-57a2d4851a1d" relativeResultsDirectory="403ca197-b51e-4881-b7c9-70f4fa331a8d">
    </UnitTestResult>
    <UnitTestResult executionId="0e0ad7e8-e78f-4474-ba5a-5f87be406b14" testId="4a5b6ae3-bb10-501e-24b2-f970155da52b" testName="HandShouldNotHaveMoreThanFiveCards" computerName="HOMES" duration="00:00:00.0015367" startTime="2014-06-13T16:02:22.6406250+03:00" endTime="2014-06-13T16:02:22.6562500+03:00" testType="13cdc9d9-ddb5-4fa4-a97d-d965ccfc6d4b" outcome="Passed" testListId="8c84fa94-04c1-424b-9868-57a2d4851a1d" relativeResultsDirectory="0e0ad7e8-e78f-4474-ba5a-5f87be406b14">
    </UnitTestResult>
    <UnitTestResult executionId="cb26ac67-2c51-41c1-adee-dc861f7a3ff2" testId="5bf2ae0c-21eb-a8ce-8af8-db2e3c1c7082" testName="CardToStringShouldFollowTheGivenFormat" computerName="HOMES" duration="00:00:00.0028612" startTime="2014-06-13T16:02:22.6718750+03:00" endTime="2014-06-13T16:02:22.6718750+03:00" testType="13cdc9d9-ddb5-4fa4-a97d-d965ccfc6d4b" outcome="Passed" testListId="8c84fa94-04c1-424b-9868-57a2d4851a1d" relativeResultsDirectory="cb26ac67-2c51-41c1-adee-dc861f7a3ff2">
    </UnitTestResult>
    <UnitTestResult executionId="c1d0523b-8bce-4425-89c1-3ead707962e8" testId="617d82f4-8c08-7f85-04fa-3dea7d6d3d59" testName="CheckerShouldRecognizeStraightFlushCombination" computerName="HOMES" duration="00:00:00.0292386" startTime="2014-06-13T16:02:22.6875000+03:00" endTime="2014-06-13T16:02:22.7343750+03:00" testType="13cdc9d9-ddb5-4fa4-a97d-d965ccfc6d4b" outcome="Failed" testListId="8c84fa94-04c1-424b-9868-57a2d4851a1d" relativeResultsDirectory="c1d0523b-8bce-4425-89c1-3ead707962e8">
      <Output>
        <ErrorInfo>
          <Message>Test method Poker.Tests.CombinationsTests.CheckerShouldRecognizeStraightFlushCombination threw exception: 
System.NotImplementedException: The method or operation is not implemented.</Message>
          <StackTrace>    at Poker.PokerHandsChecker.IsStraightFlush(IHand hand) in D:\GitProjects\TelerikAcademy\Quality\Test-Driven-Development\Poker\PokerHandsChecker.cs:line 35
   at Poker.Tests.CombinationsTests.CheckerShouldRecognizeStraightFlushCombination() in D:\GitProjects\TelerikAcademy\Quality\Test-Driven-Development\Poker.Tests\CombinationsTests.cs:line 159
</StackTrace>
        </ErrorInfo>
      </Output>
    </UnitTestResult>
    <UnitTestResult executionId="0256ecfb-5726-4d46-8c1c-b7ee795e7acf" testId="83b8f170-80e4-0b29-09e5-64b876ffbc9c" testName="HandWithRepeatingCardsShouldNotBeValid" computerName="HOMES" duration="00:00:00.0009724" startTime="2014-06-13T16:02:22.7343750+03:00" endTime="2014-06-13T16:02:22.7500000+03:00" testType="13cdc9d9-ddb5-4fa4-a97d-d965ccfc6d4b" outcome="Passed" testListId="8c84fa94-04c1-424b-9868-57a2d4851a1d" relativeResultsDirectory="0256ecfb-5726-4d46-8c1c-b7ee795e7acf">
    </UnitTestResult>
    <UnitTestResult executionId="2c60ed0d-9250-44d2-a8b5-a78e1aa6ea38" testId="8fda5f33-a9b9-5a41-07dc-a2f25844e49c" testName="CardToStringShouldFollowTheGivenFormatWhenEnumIsAritmeticallyChanged" computerName="HOMES" duration="00:00:00.0004179" startTime="2014-06-13T16:02:22.7500000+03:00" endTime="2014-06-13T16:02:22.7656250+03:00" testType="13cdc9d9-ddb5-4fa4-a97d-d965ccfc6d4b" outcome="Passed" testListId="8c84fa94-04c1-424b-9868-57a2d4851a1d" relativeResultsDirectory="2c60ed0d-9250-44d2-a8b5-a78e1aa6ea38">
    </UnitTestResult>
    <UnitTestResult executionId="b12c0a29-c88f-4ffa-9530-14dd746eaf71" testId="96852268-b311-2b16-1fdd-8f23fa73e18e" testName="CheckerShouldRecognizeTwoPairCombination" computerName="HOMES" duration="00:00:00.0014904" startTime="2014-06-13T16:02:22.7656250+03:00" endTime="2014-06-13T16:02:22.7812500+03:00" testType="13cdc9d9-ddb5-4fa4-a97d-d965ccfc6d4b" outcome="Passed" testListId="8c84fa94-04c1-424b-9868-57a2d4851a1d" relativeResultsDirectory="b12c0a29-c88f-4ffa-9530-14dd746eaf71">
    </UnitTestResult>
    <UnitTestResult executionId="965b850b-628a-4786-ac63-79fca2d87921" testId="a064e2cd-62cd-9c75-5377-757ceb888ef0" testName="CheckerShouldRecognizeThreeOfAKindCombination" computerName="HOMES" duration="00:00:00.0392027" startTime="2014-06-13T16:02:22.7812500+03:00" endTime="2014-06-13T16:02:22.8281250+03:00" testType="13cdc9d9-ddb5-4fa4-a97d-d965ccfc6d4b" outcome="Failed" testListId="8c84fa94-04c1-424b-9868-57a2d4851a1d" relativeResultsDirectory="965b850b-628a-4786-ac63-79fca2d87921">
      <Output>
        <ErrorInfo>
          <Message>Assert.IsTrue failed. </Message>
          <StackTrace>   at Poker.Tests.CombinationsTests.CheckerShouldRecognizeThreeOfAKindCombination() in D:\GitProjects\TelerikAcademy\Quality\Test-Driven-Development\Poker.Tests\CombinationsTests.cs:line 79
</StackTrace>
        </ErrorInfo>
      </Output>
    </UnitTestResult>
    <UnitTestResult executionId="d39cb6ca-b68c-4502-a701-bd8430b48ba8" testId="a5ae1f90-0dad-63ce-1c82-89adf313a505" testName="CheckerShouldRecognizeStraightCombination" computerName="HOMES" duration="00:00:00.0085432" startTime="2014-06-13T16:02:22.8437500+03:00" endTime="2014-06-13T16:02:22.8593750+03:00" testType="13cdc9d9-ddb5-4fa4-a97d-d965ccfc6d4b" outcome="Passed" testListId="8c84fa94-04c1-424b-9868-57a2d4851a1d" relativeResultsDirectory="d39cb6ca-b68c-4502-a701-bd8430b48ba8">
    </UnitTestResult>
    <UnitTestResult executionId="a67f40e9-1b45-4dd0-9cc1-f565fd909072" testId="a7ad43fc-7e41-bd1f-74ee-3e8b2b89c436" testName="HandWithZeroCardsShouldNotBeValid" computerName="HOMES" duration="00:00:00.0004042" startTime="2014-06-13T16:02:22.8593750+03:00" endTime="2014-06-13T16:02:22.8750000+03:00" testType="13cdc9d9-ddb5-4fa4-a97d-d965ccfc6d4b" outcome="Passed" testListId="8c84fa94-04c1-424b-9868-57a2d4851a1d" relativeResultsDirectory="a67f40e9-1b45-4dd0-9cc1-f565fd909072">
    </UnitTestResult>
    <UnitTestResult executionId="1a7af640-561d-4693-b911-8ea854e794c9" testId="b60e1417-e09d-f531-99fc-67166c972c0d" testName="CheckerShouldRecognizeFullHouseCombination" computerName="HOMES" duration="00:00:00.0021038" startTime="2014-06-13T16:02:22.8750000+03:00" endTime="2014-06-13T16:02:22.8906250+03:00" testType="13cdc9d9-ddb5-4fa4-a97d-d965ccfc6d4b" outcome="Passed" testListId="8c84fa94-04c1-424b-9868-57a2d4851a1d" relativeResultsDirectory="1a7af640-561d-4693-b911-8ea854e794c9">
    </UnitTestResult>
    <UnitTestResult executionId="f61e3c15-525a-4acb-92df-b37c09784428" testId="befe51af-2857-c06a-6449-1b0d2cdf2061" testName="HandToStringShouldFollowTheGivenFormatWhenEnumIsAritmeticallyChanged" computerName="HOMES" duration="00:00:00.0010794" startTime="2014-06-13T16:02:22.9062500+03:00" endTime="2014-06-13T16:02:22.9062500+03:00" testType="13cdc9d9-ddb5-4fa4-a97d-d965ccfc6d4b" outcome="Passed" testListId="8c84fa94-04c1-424b-9868-57a2d4851a1d" relativeResultsDirectory="f61e3c15-525a-4acb-92df-b37c09784428">
    </UnitTestResult>
    <UnitTestResult executionId="ae472fa0-b3dd-4a64-ad3d-44cc3b0ed18c" testId="c0f58013-8c25-16a0-2f3d-a1ac38180f23" testName="HandToStringShouldFollowTheGivenFormat" computerName="HOMES" duration="00:00:00.0006132" startTime="2014-06-13T16:02:22.9218750+03:00" endTime="2014-06-13T16:02:22.9218750+03:00" testType="13cdc9d9-ddb5-4fa4-a97d-d965ccfc6d4b" outcome="Passed" testListId="8c84fa94-04c1-424b-9868-57a2d4851a1d" relativeResultsDirectory="ae472fa0-b3dd-4a64-ad3d-44cc3b0ed18c">
    </UnitTestResult>
    <UnitTestResult executionId="83b38de4-84ab-4264-b56b-f8a2935dfb2b" testId="caef306e-aa60-78e9-11ed-889a0ac8c73c" testName="CheckerShouldRecognizeHighCardCombination" computerName="HOMES" duration="00:00:00.0012571" startTime="2014-06-13T16:02:22.9375000+03:00" endTime="2014-06-13T16:02:22.9375000+03:00" testType="13cdc9d9-ddb5-4fa4-a97d-d965ccfc6d4b" outcome="Passed" testListId="8c84fa94-04c1-424b-9868-57a2d4851a1d" relativeResultsDirectory="83b38de4-84ab-4264-b56b-f8a2935dfb2b">
    </UnitTestResult>
    <UnitTestResult executionId="04ce01a0-0723-41d3-b377-cfd04c86090c" testId="d0191123-0ee8-75a6-bf14-a847dc71a3c0" testName="CheckerShouldRecognizeOnePairCombination" computerName="HOMES" duration="00:00:00.0010140" startTime="2014-06-13T16:02:22.9375000+03:00" endTime="2014-06-13T16:02:22.9531250+03:00" testType="13cdc9d9-ddb5-4fa4-a97d-d965ccfc6d4b" outcome="Passed" testListId="8c84fa94-04c1-424b-9868-57a2d4851a1d" relativeResultsDirectory="04ce01a0-0723-41d3-b377-cfd04c86090c">
    </UnitTestResult>
    <UnitTestResult executionId="61fd2288-e066-4dd7-a4f2-5c0e8934b83a" testId="e1d93606-d25f-b828-2773-66d137665ad3" testName="CheckerShouldRecognizeFourOfAKindCombination" computerName="HOMES" duration="00:00:00.0028065" startTime="2014-06-13T16:02:22.9531250+03:00" endTime="2014-06-13T16:02:22.9687500+03:00" testType="13cdc9d9-ddb5-4fa4-a97d-d965ccfc6d4b" outcome="Failed" testListId="8c84fa94-04c1-424b-9868-57a2d4851a1d" relativeResultsDirectory="61fd2288-e066-4dd7-a4f2-5c0e8934b83a">
      <Output>
        <ErrorInfo>
          <Message>Test method Poker.Tests.CombinationsTests.CheckerShouldRecognizeFourOfAKindCombination threw exception: 
System.NotImplementedException: The method or operation is not implemented.</Message>
          <StackTrace>    at Poker.PokerHandsChecker.IsFourOfAKind(IHand hand) in D:\GitProjects\TelerikAcademy\Quality\Test-Driven-Development\Poker\PokerHandsChecker.cs:line 40
   at Poker.Tests.CombinationsTests.CheckerShouldRecognizeFourOfAKindCombination() in D:\GitProjects\TelerikAcademy\Quality\Test-Driven-Development\Poker.Tests\CombinationsTests.cs:line 143
</StackTrace>
        </ErrorInfo>
      </Output>
    </UnitTestResult>
  </Results>
</TestRun>