<?xml version="1.0" encoding="UTF-8"?>
<TestRun id="ee8a3995-61dd-4fe0-875c-8185c85ac314" name="User@HOMES 2014-06-19 08:54:10" runUser="HOMES\User" xmlns="http://microsoft.com/schemas/VisualStudio/TeamTest/2010">
  <TestSettings name="Local" id="04578d65-7d6f-4c57-b298-2b93f16ac298">
    <Description>These are default test settings for a local test run.</Description>
    <Deployment enabled="false" runDeploymentRoot="User_HOMES 2014-06-19 08_54_10">
      <DeploymentItem filename="D:\GitProjects\TelerikAcademy\Quality\Refactoring-Homework\bin\Debug\MatrixTraversing.exe" />
    </Deployment>
    <Execution>
      <TestTypeSpecific />
      <AgentRule name="Execution Agents">
      </AgentRule>
    </Execution>
  </TestSettings>
  <Times creation="2014-06-19T08:54:10.2343750+03:00" queuing="2014-06-19T08:54:12.6093750+03:00" start="2014-06-19T08:54:12.8750000+03:00" finish="2014-06-19T08:55:48.9843750+03:00" />
  <ResultSummary outcome="Error">
    <Counters total="3" executed="3" passed="2" error="0" failed="0" timeout="0" aborted="1" inconclusive="0" passedButRunAborted="0" notRunnable="0" notExecuted="0" disconnected="0" warning="0" completed="0" inProgress="0" pending="0" />
    <RunInfos>
      <RunInfo computerName="HOMES" outcome="Error" timestamp="2014-06-19T08:55:48.9687500+03:00">
        <Text>Test host process exited unexpectedly.</Text>
      </RunInfo>
    </RunInfos>
  </ResultSummary>
  <TestDefinitions>
    <UnitTest name="ThereShouldntBeTwoSameElementsInMatrix" storage="d:\gitprojects\telerikacademy\quality\testproject1\bin\debug\testproject1.dll" id="8e04e09c-9133-53c0-e182-e4bdd6410fec">
      <Execution id="6f837620-a9c7-45dc-836c-93f1784f5834" />
      <TestMethod codeBase="D:/GitProjects/TelerikAcademy/Quality/TestProject1/bin/Debug/TestProject1.DLL" adapterTypeName="Microsoft.VisualStudio.TestTools.TestTypes.Unit.UnitTestAdapter, Microsoft.VisualStudio.QualityTools.Tips.UnitTest.Adapter, Version=10.0.0.0, Culture=neutral, PublicKeyToken=b03f5f7f11d50a3a" className="TestProject1.MatrixTraversingTest, TestProject1, Version=1.0.0.0, Culture=neutral, PublicKeyToken=null" name="ThereShouldntBeTwoSameElementsInMatrix" />
    </UnitTest>
    <UnitTest name="TheDiagonalLineShouldConsistOfIncreasingNumbers" storage="d:\gitprojects\telerikacademy\quality\testproject1\bin\debug\testproject1.dll" id="8ed5fd4d-e2d3-52fa-7a5e-4b107f214009">
      <Execution id="b0b9f8da-a768-4324-b8ce-c6e27aabefa3" />
      <TestMethod codeBase="D:/GitProjects/TelerikAcademy/Quality/TestProject1/bin/Debug/TestProject1.DLL" adapterTypeName="Microsoft.VisualStudio.TestTools.TestTypes.Unit.UnitTestAdapter, Microsoft.VisualStudio.QualityTools.Tips.UnitTest.Adapter, Version=10.0.0.0, Culture=neutral, PublicKeyToken=b03f5f7f11d50a3a" className="TestProject1.MatrixTraversingTest, TestProject1, Version=1.0.0.0, Culture=neutral, PublicKeyToken=null" name="TheDiagonalLineShouldConsistOfIncreasingNumbers" />
    </UnitTest>
    <UnitTest name="SmallMatrixShouldBeCorrect" storage="d:\gitprojects\telerikacademy\quality\testproject1\bin\debug\testproject1.dll" id="3fc0259e-0c06-3f30-10a8-d831a3a7f598">
      <Execution id="f849118d-9eea-476f-85d8-68ab5dda911a" />
      <TestMethod codeBase="D:/GitProjects/TelerikAcademy/Quality/TestProject1/bin/Debug/TestProject1.DLL" adapterTypeName="Microsoft.VisualStudio.TestTools.TestTypes.Unit.UnitTestAdapter, Microsoft.VisualStudio.QualityTools.Tips.UnitTest.Adapter, Version=10.0.0.0, Culture=neutral, PublicKeyToken=b03f5f7f11d50a3a" className="TestProject1.MatrixTraversingTest, TestProject1, Version=1.0.0.0, Culture=neutral, PublicKeyToken=null" name="SmallMatrixShouldBeCorrect" />
    </UnitTest>
  </TestDefinitions>
  <TestLists>
    <TestList name="Results Not in a List" id="8c84fa94-04c1-424b-9868-57a2d4851a1d" />
    <TestList name="All Loaded Results" id="19431567-8539-422a-85d7-44ee4e166bda" />
  </TestLists>
  <TestEntries>
    <TestEntry testId="8e04e09c-9133-53c0-e182-e4bdd6410fec" executionId="6f837620-a9c7-45dc-836c-93f1784f5834" testListId="8c84fa94-04c1-424b-9868-57a2d4851a1d" />
    <TestEntry testId="8ed5fd4d-e2d3-52fa-7a5e-4b107f214009" executionId="b0b9f8da-a768-4324-b8ce-c6e27aabefa3" testListId="8c84fa94-04c1-424b-9868-57a2d4851a1d" />
    <TestEntry testId="3fc0259e-0c06-3f30-10a8-d831a3a7f598" executionId="f849118d-9eea-476f-85d8-68ab5dda911a" testListId="8c84fa94-04c1-424b-9868-57a2d4851a1d" />
  </TestEntries>
  <Results>
    <UnitTestResult executionId="6f837620-a9c7-45dc-836c-93f1784f5834" testId="8e04e09c-9133-53c0-e182-e4bdd6410fec" testName="ThereShouldntBeTwoSameElementsInMatrix" computerName="HOMES" duration="00:00:00.0545924" startTime="2014-06-19T08:54:13.0781250+03:00" endTime="2014-06-19T08:54:14.2812500+03:00" testType="13cdc9d9-ddb5-4fa4-a97d-d965ccfc6d4b" outcome="Passed" testListId="8c84fa94-04c1-424b-9868-57a2d4851a1d" relativeResultsDirectory="6f837620-a9c7-45dc-836c-93f1784f5834">
    </UnitTestResult>
    <UnitTestResult executionId="b0b9f8da-a768-4324-b8ce-c6e27aabefa3" testId="8ed5fd4d-e2d3-52fa-7a5e-4b107f214009" testName="TheDiagonalLineShouldConsistOfIncreasingNumbers" computerName="HOMES" duration="00:00:00.0017105" startTime="2014-06-19T08:54:14.3125000+03:00" endTime="2014-06-19T08:54:14.3593750+03:00" testType="13cdc9d9-ddb5-4fa4-a97d-d965ccfc6d4b" outcome="Passed" testListId="8c84fa94-04c1-424b-9868-57a2d4851a1d" relativeResultsDirectory="b0b9f8da-a768-4324-b8ce-c6e27aabefa3">
    </UnitTestResult>
    <UnitTestResult executionId="f849118d-9eea-476f-85d8-68ab5dda911a" testId="3fc0259e-0c06-3f30-10a8-d831a3a7f598" testName="SmallMatrixShouldBeCorrect" computerName="HOMES" duration="00:01:34.5156250" startTime="2014-06-19T08:54:14.4531250+03:00" endTime="2014-06-19T08:55:48.9687500+03:00" testType="13cdc9d9-ddb5-4fa4-a97d-d965ccfc6d4b" outcome="Aborted" testListId="8c84fa94-04c1-424b-9868-57a2d4851a1d" relativeResultsDirectory="f849118d-9eea-476f-85d8-68ab5dda911a">
    </UnitTestResult>
  </Results>
</TestRun>